device        : mps
corpus        : 5,571,753 characters from books_clean/
vocab         : 123 characters from books/
train / val   : 5,292,865 / 278,888  (split: book)
context       : 120
batch x steps : 64 x 6000
parameters    : 4,011,520   (RNN baseline: 4,095,867 -- ratio 0.98x)
step      0/6000  train 4.6858  val 4.6867  ppl   108.49  lr 1.00e-05  [1.0s]
step    250/6000  train 1.9985  val 1.9957  ppl     7.36  lr 2.51e-03  [13.3s]
step    500/6000  train 1.6456  val 1.6507  ppl     5.21  lr 2.99e-03  [26.7s]
step    750/6000  train 1.4872  val 1.4956  ppl     4.46  lr 2.96e-03  [40.7s]
step   1000/6000  train 1.3984  val 1.3933  ppl     4.03  lr 2.90e-03  [54.6s]
step   1250/6000  train 1.3495  val 1.3482  ppl     3.85  lr 2.82e-03  [68.1s]
step   1500/6000  train 1.2976  val 1.3085  ppl     3.70  lr 2.72e-03  [82.0s]
step   1750/6000  train 1.2780  val 1.2802  ppl     3.60  lr 2.59e-03  [95.8s]
step   2000/6000  train 1.2465  val 1.2601  ppl     3.53  lr 2.45e-03  [109.7s]
step   2250/6000  train 1.2247  val 1.2441  ppl     3.47  lr 2.29e-03  [123.4s]
step   2500/6000  train 1.2060  val 1.2234  ppl     3.40  lr 2.12e-03  [137.1s]
step   2750/6000  train 1.1885  val 1.2092  ppl     3.35  lr 1.95e-03  [151.0s]
step   3000/6000  train 1.1753  val 1.1983  ppl     3.31  lr 1.76e-03  [165.6s]
step   3250/6000  train 1.1601  val 1.1902  ppl     3.29  lr 1.58e-03  [180.0s]
step   3500/6000  train 1.1437  val 1.1751  ppl     3.24  lr 1.39e-03  [194.2s]
step   3750/6000  train 1.1327  val 1.1647  ppl     3.21  lr 1.21e-03  [208.7s]
step   4000/6000  train 1.1163  val 1.1552  ppl     3.17  lr 1.04e-03  [223.6s]
step   4250/6000  train 1.1067  val 1.1408  ppl     3.13  lr 8.81e-04  [238.5s]
step   4500/6000  train 1.0963  val 1.1422  ppl     3.13  lr 7.36e-04  [253.6s]
step   4750/6000  train 1.0905  val 1.1287  ppl     3.09  lr 6.08e-04  [268.7s]
step   5000/6000  train 1.0843  val 1.1227  ppl     3.07  lr 5.00e-04  [284.1s]
step   5250/6000  train 1.0696  val 1.1196  ppl     3.06  lr 4.14e-04  [299.5s]
step   5500/6000  train 1.0673  val 1.1125  ppl     3.04  lr 3.51e-04  [315.0s]
step   5750/6000  train 1.0649  val 1.1088  ppl     3.03  lr 3.13e-04  [330.6s]
step   5999/6000  train 1.0581  val 1.1063  ppl     3.02  lr 3.00e-04  [346.4s]

final (step 5999): train 1.0597  val 1.1057  perplexity 3.02

exported -> models_v2/seeds/tx-paired-ctx120-seed2.h5 (16.3 MB)
run record -> models_v2/seeds/tx-paired-ctx120-seed2.json
device        : mps
corpus        : 5,571,753 characters from books_clean/
vocab         : 123 characters from books/
train / val   : 5,292,865 / 278,888  (split: book)
context       : 120
batch x steps : 64 x 6000
parameters    : 4,011,520   (RNN baseline: 4,095,867 -- ratio 0.98x)
step      0/6000  train 4.8047  val 4.8040  ppl   121.99  lr 1.00e-05  [1.1s]
step    250/6000  train 2.0002  val 1.9956  ppl     7.36  lr 2.51e-03  [16.3s]
step    500/6000  train 1.6607  val 1.6514  ppl     5.21  lr 2.99e-03  [31.9s]
step    750/6000  train 1.4887  val 1.4962  ppl     4.46  lr 2.96e-03  [47.8s]
step   1000/6000  train 1.3958  val 1.4047  ppl     4.07  lr 2.90e-03  [63.7s]
step   1250/6000  train 1.3448  val 1.3476  ppl     3.85  lr 2.82e-03  [79.7s]
step   1500/6000  train 1.3030  val 1.3063  ppl     3.69  lr 2.72e-03  [96.0s]
step   1750/6000  train 1.2669  val 1.2888  ppl     3.63  lr 2.59e-03  [112.1s]
step   2000/6000  train 1.2418  val 1.2620  ppl     3.53  lr 2.45e-03  [128.5s]
step   2250/6000  train 1.2213  val 1.2454  ppl     3.47  lr 2.29e-03  [144.9s]
step   2500/6000  train 1.2040  val 1.2232  ppl     3.40  lr 2.12e-03  [161.3s]
step   2750/6000  train 1.1877  val 1.2061  ppl     3.34  lr 1.95e-03  [177.8s]
step   3000/6000  train 1.1768  val 1.2052  ppl     3.34  lr 1.76e-03  [194.3s]
step   3250/6000  train 1.1624  val 1.1781  ppl     3.25  lr 1.58e-03  [210.9s]
step   3500/6000  train 1.1387  val 1.1691  ppl     3.22  lr 1.39e-03  [227.4s]
step   3750/6000  train 1.1300  val 1.1602  ppl     3.19  lr 1.21e-03  [244.2s]
step   4000/6000  train 1.1223  val 1.1452  ppl     3.14  lr 1.04e-03  [260.9s]
step   4250/6000  train 1.1052  val 1.1471  ppl     3.15  lr 8.81e-04  [277.7s]
step   4500/6000  train 1.0986  val 1.1311  ppl     3.10  lr 7.36e-04  [294.5s]
step   4750/6000  train 1.0828  val 1.1301  ppl     3.10  lr 6.08e-04  [311.2s]
step   5000/6000  train 1.0782  val 1.1216  ppl     3.07  lr 5.00e-04  [327.9s]
step   5250/6000  train 1.0677  val 1.1107  ppl     3.04  lr 4.14e-04  [344.8s]
step   5500/6000  train 1.0687  val 1.1062  ppl     3.02  lr 3.51e-04  [361.8s]
step   5750/6000  train 1.0640  val 1.1009  ppl     3.01  lr 3.13e-04  [378.6s]
step   5999/6000  train 1.0524  val 1.1066  ppl     3.02  lr 3.00e-04  [395.5s]

restored best checkpoint: step 5750 (val 1.1009); last step 5999 had val 1.1066

final (step 5750): train 1.0606  val 1.1046  perplexity 3.02

exported -> models_v2/seeds/tx-paired-ctx120-seed3.h5 (16.3 MB)
run record -> models_v2/seeds/tx-paired-ctx120-seed3.json
